
student@DESKTOP-M2UARJH MINGW64 ~/Desktop
$ git config --global.username "ShahriarZamanAIUB"
error: unknown option `global.username'
usage: git config [<options>]

Config file location
    --global              use global config file
    --system              use system config file
    --local               use repository config file
    --worktree            use per-worktree config file
    -f, --file <file>     use given config file
    --blob <blob-id>      read config from given blob object

Action
    --get                 get value: name [value-pattern]
    --get-all             get all values: key [value-pattern]
    --get-regexp          get values for regexp: name-regex [value-pattern]
    --get-urlmatch        get value specific for the URL: section[.var] URL
    --replace-all         replace all matching variables: name value [value-pattern]
    --add                 add a new variable: name value
    --unset               remove a variable: name [value-pattern]
    --unset-all           remove all matches: name [value-pattern]
    --rename-section      rename section: old-name new-name
    --remove-section      remove a section: name
    -l, --list            list all
    --fixed-value         use string equality when comparing values to 'value-pattern'
    -e, --edit            open an editor
    --get-color           find the color configured: slot [default]
    --get-colorbool       find the color setting: slot [stdout-is-tty]

Type
    -t, --type <type>     value is given this type
    --bool                value is "true" or "false"
    --int                 value is decimal number
    --bool-or-int         value is --bool or --int
    --bool-or-str         value is --bool or string
    --path                value is a path (file or directory name)
    --expiry-date         value is an expiry date

Other
    -z, --null            terminate values with NUL byte
    --name-only           show variable names only
    --includes            respect include directives on lookup
    --show-origin         show origin of config (file, standard input, blob, command line)
    --show-scope          show scope of config (worktree, local, global, system, command)
    --default <value>     with --get, use default value when missing entry


student@DESKTOP-M2UARJH MINGW64 ~/Desktop
$ git config --global user.email "shahriarzaman44@gmail.com"

student@DESKTOP-M2UARJH MINGW64 ~/Desktop
$ git clone ^[[200~https://github.com/ShahriarZamanAIUB/Dummy~
Cloning into 'Dummy~'...
fatal: protocol '?[200~https' is not supported

student@DESKTOP-M2UARJH MINGW64 ~/Desktop
$ git clone https://github.com/ShahriarZamanAIUB/Dummy
Cloning into 'Dummy'...
remote: Enumerating objects: 8, done.
remote: Counting objects: 100% (8/8), done.
remote: Compressing objects: 100% (6/6), done.
remote: Total 8 (delta 0), reused 3 (delta 0), pack-reused 0
Receiving objects: 100% (8/8), 1.51 MiB | 1.64 MiB/s, done.

student@DESKTOP-M2UARJH MINGW64 ~/Desktop
$ git clone ^[[200~https://github.com/ShahriarZamanAIUB/learning-web-technologies-fall2022-2023-sec-f~
Cloning into 'learning-web-technologies-fall2022-2023-sec-f~'...
fatal: protocol '?[200~https' is not supported

student@DESKTOP-M2UARJH MINGW64 ~/Desktop
$ git clone https://github.com/ShahriarZamanAIUB/learning-web-technologies-fall2022-2023-sec-f
Cloning into 'learning-web-technologies-fall2022-2023-sec-f'...
remote: Enumerating objects: 81, done.
remote: Counting objects: 100% (81/81), done.
remote: Compressing objects: 100% (60/60), done.
remote: Total 81 (delta 15), reused 71 (delta 10), pack-reused 0
Receiving objects: 100% (81/81), 90.84 KiB | 1.11 MiB/s, done.
Resolving deltas: 100% (15/15), done.

student@DESKTOP-M2UARJH MINGW64 ~/Desktop
$ ^C

student@DESKTOP-M2UARJH MINGW64 ~/Desktop
$ ^C

student@DESKTOP-M2UARJH MINGW64 ~/Desktop
$
